      inst   dem    bl_mlu    sr_mlu  budget  dist                                                 top5(trunc6) vs_best    sec
   setA-01    40  1.000001  0.929384      51    35                 0.929383,0.729592,0.591378,0.476059,0.474761   worse    0.9
   setA-02    45  1.098078  0.903075      63    54                 0.903074,0.548578,0.538769,0.522807,0.495466   worse    1.6
   setA-03    20  1.000001  0.943543      53    33                 0.943543,0.638889,0.601922,0.585303,0.523388   worse    0.8
   setA-04   200  1.000001  0.624182      44    44                 0.624182,0.567086,0.464252,0.462788,0.451100   worse   14.1
   setA-05   100  0.999986  0.204986       1     0                 0.204985,0.115523,0.108521,0.107624,0.103801   worse    7.5
   setA-06   500  1.000000  0.366197      13    13                 0.366197,0.338028,0.330985,0.309859,0.295774   worse   20.3
   setA-07   800  1.000000  0.907989      90    90                 0.907989,0.708428,0.639782,0.624264,0.592936   worse   21.1
   setA-08   200  1.000000  0.318904      13    13                 0.318903,0.306868,0.286410,0.267309,0.231930   worse   12.2
   setA-09   200  1.000000  0.849650      18    18                 0.849650,0.806946,0.741544,0.505384,0.464596   worse   20.5
   setA-10  1000  1.000000  0.576087       1     0                 0.576087,0.443478,0.434782,0.430434,0.428260   worse   21.2
   setA-11   400  1.000000  0.785789      89    89                 0.785788,0.651416,0.611862,0.569105,0.495040   worse   20.4
   setA-12   400  1.000110  0.879873      13    12                 0.879872,0.640075,0.494918,0.494918,0.360035   worse   15.1
   setA-13  2000  0.999999  0.688033      12    12                 0.688033,0.683760,0.683760,0.666666,0.568375   worse   23.8
   setA-14   600  1.000000  0.533148      13    12                 0.533147,0.493684,0.490375,0.454887,0.454884   worse   21.4
   setA-15   600  1.000000  0.898696      54    15                 0.898695,0.884702,0.842466,0.825206,0.815027   worse   21.9
   setA-16  4800  1.000000  0.836065      13    13                 0.836065,0.827868,0.827868,0.803278,0.790983   worse   26.5
   setA-17  2000  1.000075  0.424192       1     0                 0.424192,0.409979,0.365458,0.345668,0.313249   worse   24.0
   setA-18  2000  0.999999  0.999999      89    18                 0.999998,0.713053,0.633365,0.614805,0.497129   worse   25.1
   setA-19  6000  1.000000  0.906323      13    12                 0.906323,0.885245,0.864168,0.845433,0.627634   worse   29.5
   setA-20  6000  0.999999  0.991312      90    12                 0.991312,0.748872,0.745953,0.706606,0.648211   worse   33.9
