# solver=v2 time_budget=60.0s restarts=1 seed=0
      inst   dem    bl_mlu    sr_mlu  budget  dist                                                 top5(trunc6) vs_best    sec
   setA-01    40  1.000001  0.929384      51     3                 0.929383,0.729592,0.591378,0.469690,0.459411   worse    0.4
   setA-02    45  1.098078  0.903075      63     9                 0.903074,0.677856,0.548578,0.538769,0.522807   worse    1.0
   setA-03    20  1.000001  0.943543      53     8                 0.943543,0.638889,0.601922,0.585303,0.523388   worse    1.2
   setA-04   200  1.000001  0.585430      44    44                 0.585430,0.568021,0.465408,0.450260,0.449045   worse   38.3
   setA-05   100  0.999986  0.204986       1     0                 0.204985,0.115523,0.108521,0.107624,0.103801   worse    4.9
   setA-06   500  1.000000  0.109859      13     0                 0.109859,0.092957,0.091549,0.091549,0.090140   worse   60.4
   setA-07   800  1.000000  0.907989      90    30                 0.907989,0.708428,0.639782,0.624264,0.598095   worse   60.8
   setA-08   200  1.000000  0.318904      13    13                 0.318903,0.306868,0.286410,0.248216,0.231930   worse   12.3
   setA-09   200  1.000000  0.849650      18    18                 0.849650,0.806946,0.741544,0.505384,0.497412   worse   25.4
   setA-10  1000  1.000000  0.092391       1     0                 0.092391,0.092391,0.091847,0.091847,0.091304   worse   60.9
   setA-11   400  1.000000  0.785789      89     0                 0.785788,0.651416,0.611862,0.569105,0.495040   worse   60.8
   setA-12   400  1.000110  0.879873      13    13                 0.879872,0.640075,0.494918,0.494918,0.360035   worse   18.1
   setA-13  2000  0.999999  0.135043      12     0                 0.135042,0.134615,0.134187,0.132478,0.132478   worse   61.9
   setA-14   600  1.000000  0.533148      13    13                 0.533147,0.493684,0.490375,0.454887,0.439679   worse   38.2
   setA-15   600  1.000000  0.898696      54     0                 0.898695,0.884702,0.842466,0.825206,0.815027   worse   60.9
   setA-16  4800  1.000000  0.393443      13     0                 0.393442,0.385245,0.385245,0.385245,0.377049   worse   65.9
   setA-17  2000  1.000075  0.424192       1     0                 0.424192,0.409979,0.365458,0.345668,0.313249   worse   63.8
   setA-18  2000  0.999999  0.999999      89     0                 0.999998,0.713053,0.633365,0.614805,0.497129   worse   63.7
   setA-19  6000  1.000000  0.564403      13     0                 0.564402,0.562060,0.559250,0.555035,0.552693   worse   69.4
   setA-20  6000  0.999999  0.991312      90     0                 0.991312,0.897619,0.831966,0.745953,0.648211   worse   71.9
