      inst   dem    bl_mlu    sr_mlu  budget  dist                                                 top5(trunc6) vs_best    sec
   setA-01    40  1.000001  0.929384      51    35                 0.929383,0.729592,0.591378,0.476059,0.474761   worse    1.0
   setA-02    45  1.098078  0.903075      63    54                 0.903074,0.548578,0.538769,0.522807,0.495466   worse    1.8
   setA-03    20  1.000001  0.943543      53    33                 0.943543,0.638889,0.601922,0.585303,0.523388   worse    1.1
   setA-04   200  1.000001  0.624182      44    44                 0.624182,0.567086,0.464252,0.462788,0.451100   worse   14.7
   setA-05   100  2.554902  0.208481       1     0                 0.208480,0.117618,0.116158,0.116158,0.110372   worse    4.8
   setA-06   500  1.000000  0.394366      13    13                 0.394366,0.380281,0.380281,0.366197,0.366197   worse   16.0
   setA-07   800  1.000000  0.907989      90    60                 0.907989,0.708428,0.639782,0.624264,0.592936   worse   16.1
   setA-08   200  1.452421  0.325329      13    13                 0.325329,0.306612,0.294345,0.267309,0.226193   worse   15.9
   setA-09   200  1.000000  0.849650      18    18                 0.849650,0.806946,0.741544,0.505384,0.464596   worse   17.2
   setA-10  1000  1.000000  0.576087       1     0                 0.576087,0.560869,0.521739,0.519565,0.510869   worse   19.4
   setA-11   400  1.000000  0.785789      89    27                 0.785788,0.651416,0.611862,0.569105,0.495040   worse   15.8
   setA-12   400  0.680018  0.494919      13    13                 0.494918,0.439860,0.360035,0.319982,0.040052  BETTER   14.0
   setA-13  2000  0.999999  0.850426      12    12                 0.850426,0.850426,0.837606,0.666666,0.666666   worse   20.4
   setA-14   600 15.641587  0.607616      13    13                 0.607615,0.534768,0.494805,0.437037,0.435893   worse   18.2
   setA-15   600  1.000000  0.898696      54    12                 0.898695,0.884702,0.842466,0.825206,0.815027   worse   19.1
   setA-16  4800  1.000000  0.918033      13    12                 0.918032,0.885245,0.868852,0.864753,0.790983   worse   29.2
   setA-17  2000  0.515557  0.515557       1     0                 0.515556,0.443770,0.401940,0.386218,0.376315   worse   29.7
   setA-18  2000  0.999999  0.999999      89     6                 0.999998,0.713053,0.633365,0.614805,0.497129   worse   24.6
   setA-19  6000  1.000000  0.953161      13     6                 0.953161,0.885245,0.864168,0.845433,0.627634   worse   38.5
   setA-20  6000  0.999999  0.991312      90     3                 0.991312,0.897619,0.840788,0.745953,0.648211   worse   39.7
