instance=setA-11 m=1000 T=2 demands=400
  start first-bit raw=1.000000000 rank=1000000  total_cost=0
presolve: 0.46s cells=1259 deep=100 floors=96 proven=0 revoked=0 timeout=false
  lb_sat=0.785788957 (first-bit rank 785788)  proven_pins=0 floors=96
  pin t=1 arc=367(182->183) load=128.0836 sat=0.785789 src=sink-dom proven=false forced_demands=5
  pin t=0 arc=332(166->162) load=111.3589 sat=0.611862 src=source-dom proven=false forced_demands=4
  pin t=1 arc=383(41->191) load=115.6794 sat=0.388186 src=sink-dom proven=false forced_demands=2
  pin t=1 arc=150(75->55) load=54.3554 sat=0.327442 src=source-dom proven=false forced_demands=4
  pin t=0 arc=333(162->166) load=43.2056 sat=0.324854 src=sink-dom proven=false forced_demands=1
  ... 91 more pins (see -presolve-pins)
Set parameter LicenseID to value 2758435
  dual round 1 [L0free] z=0.613133 (sound floor 0.785789, +-0.172656) priced=746 live=2 pairLive=0/15 pairMax=0 sumLcap=1.000000 disagree=0/2 maxPi=0.00387597
        #  slot    arc          sat         lsat          cap          Pi note
        1     0    279     0.276726     0.613133       138.00     -0.0039 
        2     0    451     1.000000     0.613133       120.00     -0.0039 
        3     0      6     0.002293     0.002293       547.00      0.0000 
        4     0     10     0.004138     0.101302       842.00      0.0000 
        5     0     11     0.306333     0.516647       389.00      0.0000 
Set parameter LicenseID to value 2758435
Set parameter LicenseID to value 2758435
Set parameter LicenseID to value 2758435
  dual round 1 peel: 3 layer(s), sound floor 0.785789
    L0 zlb=0.785789 z=0.785789 (sound floor 0.785789, +0.000000) priced=746 live=0 pairLive=0/15 pairMax=0 sumLcap=0.000000 disagree=0/0 maxPi=0
      locked: (t=0 arc=451 sat=0.785789)
        #  slot    arc          sat         lsat          cap          Pi note
        1     0      6     0.002293     0.002293       547.00      0.0000 
        2     0     10     0.004138     0.004138       842.00      0.0000 
        3     0     11     0.306333     0.306333       389.00      0.0000 
        4     0     12     0.000000     0.000000       568.00      0.0000 
        5     0     16     0.000000     0.000000       437.00      0.0000 
    L1 zlb=0.000000 z=0.492764 (sound floor 0.785789, +-0.293025) priced=746 live=2 pairLive=0/15 pairMax=0 sumLcap=1.000000 disagree=0/2 maxPi=0.00187266
      locked: (t=0 arc=11 sat=0.492764) (t=0 arc=43 sat=0.492764) (t=0 arc=288 sat=0.492764)
        #  slot    arc          sat         lsat          cap          Pi note
        1     0     43     0.474531     0.492764       168.00     -0.0019 at-z
        2     0    288     0.501133     0.492764       366.00     -0.0019 at-z
        3     0      6     0.002293     0.002293       547.00      0.0000 
        4     0     10     0.004138     0.090268       842.00      0.0000 
        5     0     11     0.306333     0.492764       389.00      0.0000 at-z
    L2 zlb=0.000000 z=0.462997 (sound floor 0.785789, +-0.322792) priced=746 live=2 pairLive=0/15 pairMax=0 sumLcap=1.000000 disagree=0/2 maxPi=0.00724638
      locked: (t=0 arc=279 sat=0.462997)
        #  slot    arc          sat         lsat          cap          Pi note
        1     0    279     0.276726     0.462997       138.00     -0.0072 at-z
        2     0    451     1.000000     0.785789       120.00     -0.0072 
        3     0      6     0.002293     0.002293       547.00      0.0000 
        4     0     10     0.004138     0.090268       842.00      0.0000 
        5     0     11     0.306333     0.492764       389.00      0.0000 
Set parameter LicenseID to value 2758435
Set parameter LicenseID to value 2758435
Set parameter LicenseID to value 2758435
Set parameter LicenseID to value 2758435
Set parameter LicenseID to value 2758435
Set parameter LicenseID to value 2758435
  round 1 ACCEPT: first-bit rank 1000000 -> 785788  total_cost=6 changed=6 hots=3 scale=1
done: accepted=1 rejected=0  final first-bit raw=0.785788957 rank=785788  total_cost=6 budget_ok=true elapsed=1.0s
  solves=1 avg pool pairs=15.0 avg cands=1035.0 gurobi=0.07s (7.1% of elapsed)
  cand mode=mix pool_cap=24 max_w1=24 max_w2=32 global_k=0 hop_cache=true
  hops queries=360 hits=320 misses=40 computed=40 sets=2
  schedule=hot focus_n=10 hot_k=6 grow_mult=2 scale_cap=8 conf_gate=false scale=1 epoch_restarts=0
  freeze: pre=0 soft=0 skip=0 conf_seeds=0
  first bit PROVEN optimal: rank 785788 == structural floor 785788 (raw 0.785788957)
RESULT setA-11 accepted=1 firstbit=785788 total_cost=6 budget_ok=true
wrote solution -> C:/Users/xudeyi/AppData/Local/Temp/inv-11.json
