instance=setA-17 m=1270 T=2 demands=2000
  start first-bit raw=1.000075149 rank=1000075  total_cost=0
presolve: 0.92s cells=2172 deep=100 floors=56 proven=0 revoked=0 timeout=false
  lb_sat=0.424192341 (first-bit rank 424192)  proven_pins=0 floors=56
  pin t=0 arc=225(128->4) load=10928.0431 sat=0.424192 src=source-dom proven=false forced_demands=10
  pin t=0 arc=396(127->170) load=8574.3106 sat=0.409979 src=sink-dom proven=false forced_demands=10
  pin t=1 arc=225(128->4) load=9414.9296 sat=0.365458 src=source-dom proven=false forced_demands=10
  pin t=1 arc=396(127->170) load=7229.3209 sat=0.345669 src=sink-dom proven=false forced_demands=10
  pin t=1 arc=224(4->128) load=8069.9396 sat=0.313250 src=sink-dom proven=false forced_demands=8
  ... 51 more pins (see -presolve-pins)
Set parameter LicenseID to value 2758435
  dual round 1 [L0free] z=0.241072 (sound floor 0.424192, +-0.183120) priced=728 live=1 pairLive=0/4 pairMax=0 disagree=0/1 maxPi=0.000286779
        #  slot    arc          sat         lsat          cap          Pi note
        1     0    631     0.241072     0.241072      3487.00     -0.0003 
        2     0      5     0.030244     0.030244     44471.00      0.0000 
        3     0      6     0.013850     0.013850   1165342.00      0.0000 
        4     0      7     0.012984     0.012984   1165342.00      0.0000 
        5     0     12     0.008658     0.008658   5534262.00      0.0000 
Set parameter LicenseID to value 2758435
  dual round 1 peel: 1 layer(s), sound floor 0.424192
    L0 zlb=0.424192 z=0.424192 (sound floor 0.424192, +0.000000) priced=728 live=0 pairLive=0/4 pairMax=0 disagree=0/0 maxPi=0
      nothing locked -> the next layer would re-solve this LP, peel stops
        #  slot    arc          sat         lsat          cap          Pi note
        1     0      5     0.030244     0.030244     44471.00      0.0000 
        2     0      6     0.013850     0.013850   1165342.00      0.0000 
        3     0      7     0.012984     0.012984   1165342.00      0.0000 
        4     0     12     0.008658     0.008658   5534262.00      0.0000 
        5     0     13     0.009752     0.009752   5534262.00      0.0000 
Set parameter LicenseID to value 2758435
Set parameter LicenseID to value 2758435
Set parameter LicenseID to value 2758435
Set parameter LicenseID to value 2758435
Set parameter LicenseID to value 2758435
Set parameter LicenseID to value 2758435
  round 1 ACCEPT: first-bit rank 1000075 -> 424192  total_cost=0 changed=8 hots=3 scale=1
done: accepted=1 rejected=0  final first-bit raw=0.424192341 rank=424192  total_cost=0 budget_ok=true elapsed=1.4s
  solves=1 avg pool pairs=4.0 avg cands=424.0
  cand mode=mix pool_cap=24 max_w1=24 max_w2=32 global_k=0 hop_cache=true
  hops queries=88 hits=70 misses=18 computed=18 sets=2
  schedule=hot focus_n=10 hot_k=6 grow_mult=2 scale_cap=8 conf_gate=false scale=1 epoch_restarts=0
  freeze: pre=0 soft=0 skip=0 conf_seeds=0
  first bit PROVEN optimal: rank 424192 == structural floor 424192 (raw 0.424192341)
RESULT setA-17 accepted=1 firstbit=424192 total_cost=0 budget_ok=true
wrote solution -> C:/Users/xudeyi/AppData/Local/Temp/probe-17.json
