instance=setA-05 m=396 T=2 demands=100
  start first-bit raw=0.999986144 rank=999986  total_cost=0
presolve: 0.12s cells=438 deep=100 floors=26 proven=0 revoked=0 timeout=false
  lb_sat=0.204985875 (first-bit rank 204985)  proven_pins=0 floors=26
  pin t=1 arc=264(82->85) load=5.4249 sat=0.204986 src=source-dom proven=false forced_demands=2
  pin t=0 arc=159(66->16) load=3.1912 sat=0.115524 src=sink-dom proven=false forced_demands=1
  pin t=0 arc=264(82->85) load=2.8720 sat=0.108522 src=source-dom proven=false forced_demands=2
  pin t=1 arc=117(57->25) load=2.8720 sat=0.081427 src=sink-dom proven=false forced_demands=1
  pin t=0 arc=114(7->56) load=3.5102 sat=0.077083 src=sink-dom proven=false forced_demands=2
  ... 21 more pins (see -presolve-pins)
Set parameter LicenseID to value 2758435
  dual round 1 [L0free] z=0.132436 (sound floor 0.204986, +-0.072550) priced=469 live=1 pairLive=0/4 pairMax=0 disagree=0/1 maxPi=0.0112164
        #  slot    arc          sat         lsat          cap          Pi note
        1     0    217     0.132436     0.132436        89.15     -0.0112 
        2     0      0     0.014301     0.014301       223.14      0.0000 
        3     0      1     0.005721     0.005721       223.14      0.0000 
        4     0      2     0.000000     0.000000       196.12      0.0000 
        5     0      3     0.001627     0.005172       196.12      0.0000 
Set parameter LicenseID to value 2758435
Set parameter LicenseID to value 2758435
Set parameter LicenseID to value 2758435
  dual round 1 peel: 3 layer(s), sound floor 0.204986
    L0 zlb=0.204986 z=0.204986 (sound floor 0.204986, +0.000000) priced=469 live=0 pairLive=0/4 pairMax=0 disagree=0/0 maxPi=0
      locked: (t=1 arc=210 sat=0.204986)
        #  slot    arc          sat         lsat          cap          Pi note
        1     0      0     0.014301     0.014301       223.14      0.0000 
        2     0      1     0.005721     0.005721       223.14      0.0000 
        3     0      2     0.000000     0.000000       196.12      0.0000 
        4     0      3     0.001627     0.004287       196.12      0.0000 
        5     0      4     0.038197     0.038197        50.13      0.0000 
    L1 zlb=0.000000 z=0.132436 (sound floor 0.204986, +-0.072550) priced=469 live=1 pairLive=0/4 pairMax=0 disagree=0/1 maxPi=0.0112164
      locked: (t=0 arc=129 sat=0.132436) (t=0 arc=193 sat=0.132436) (t=0 arc=217 sat=0.132436) (t=1 arc=193 sat=0.132436)
        #  slot    arc          sat         lsat          cap          Pi note
        1     0    217     0.132436     0.132436        89.15     -0.0112 at-z
        2     0      0     0.014301     0.014301       223.14      0.0000 
        3     0      1     0.005721     0.005721       223.14      0.0000 
        4     0      2     0.000000     0.000000       196.12      0.0000 
        5     0      3     0.001627     0.004818       196.12      0.0000 
    L2 zlb=0.000000 z=0.125145 (sound floor 0.204986, +-0.079841) priced=469 live=1 pairLive=0/4 pairMax=0 disagree=0/1 maxPi=0.0392157
      locked: (t=1 arc=198 sat=0.125145)
        #  slot    arc          sat         lsat          cap          Pi note
        1     1    198     0.125145     0.125145        25.50     -0.0392 at-z
        2     0      0     0.014301     0.014301       223.14      0.0000 
        3     0      1     0.005721     0.005721       223.14      0.0000 
        4     0      2     0.000000     0.000000       196.12      0.0000 
        5     0      3     0.001627     0.005508       196.12      0.0000 
Set parameter LicenseID to value 2758435
Set parameter LicenseID to value 2758435
Set parameter LicenseID to value 2758435
Set parameter LicenseID to value 2758435
Set parameter LicenseID to value 2758435
Set parameter LicenseID to value 2758435
  round 1 ACCEPT: first-bit rank 999986 -> 204985  total_cost=0 changed=8 hots=5 scale=1
done: accepted=1 rejected=0  final first-bit raw=0.204985875 rank=204985  total_cost=0 budget_ok=true elapsed=0.4s
  solves=1 avg pool pairs=4.0 avg cands=484.0
  cand mode=mix pool_cap=24 max_w1=24 max_w2=32 global_k=0 hop_cache=true
  hops queries=120 hits=94 misses=26 computed=26 sets=2
  schedule=hot focus_n=10 hot_k=6 grow_mult=2 scale_cap=8 conf_gate=false scale=1 epoch_restarts=0
  freeze: pre=0 soft=0 skip=0 conf_seeds=0
  first bit PROVEN optimal: rank 204985 == structural floor 204985 (raw 0.204985875)
RESULT setA-05 accepted=1 firstbit=204985 total_cost=0 budget_ok=true
wrote solution -> C:/Users/xudeyi/AppData/Local/Temp/probe-05.json
