instance=setB-01 m=864 T=12 demands=6519
  start first-bit raw=0.999998000 rank=999998  total_cost=0
presolve: 1.10s cells=5166 deep=100 floors=384 proven=0 revoked=0 timeout=false
  lb_sat=0.141921333 (first-bit rank 141921)  proven_pins=0 floors=384
  pin t=9 arc=283(123->122) load=1.2773 sat=0.141921 src=sink-dom proven=false forced_demands=82
  pin t=10 arc=283(123->122) load=1.1791 sat=0.131014 src=sink-dom proven=false forced_demands=80
  pin t=9 arc=46(12->20) load=1.0859 sat=0.108586 src=sink-dom proven=false forced_demands=71
  pin t=8 arc=283(123->122) load=0.9342 sat=0.103797 src=sink-dom proven=false forced_demands=81
  pin t=7 arc=33(15->1) load=0.1029 sat=0.102899 src=source-dom proven=false forced_demands=76
  ... 379 more pins (see -presolve-pins)
Set parameter LicenseID to value 2758435
  round 1 ACCEPT: first-bit rank 999998 -> 617601  total_cost=87 changed=32 hots=6 scale=1
Set parameter LicenseID to value 2758435
  round 2 ACCEPT: first-bit rank 617601 -> 531288  total_cost=139 changed=34 hots=6 scale=1
Set parameter LicenseID to value 2758435
  round 3 ACCEPT: first-bit rank 531288 -> 531288  total_cost=140 changed=15 hots=6 scale=1
Set parameter LicenseID to value 2758435
Set parameter LicenseID to value 2758435
Set parameter LicenseID to value 2758435
  round 6 ACCEPT: first-bit rank 531288 -> 531288  total_cost=154 changed=20 hots=6 scale=1
Set parameter LicenseID to value 2758435
  round 7 ACCEPT: first-bit rank 531288 -> 531288  total_cost=151 changed=2 hots=6 scale=1
Set parameter LicenseID to value 2758435
Set parameter LicenseID to value 2758435
Set parameter LicenseID to value 2758435
  round 10 ACCEPT: first-bit rank 531288 -> 531288  total_cost=155 changed=8 hots=6 scale=1
Set parameter LicenseID to value 2758435
  round 11 ACCEPT: first-bit rank 531288 -> 531288  total_cost=155 changed=3 hots=6 scale=1
Set parameter LicenseID to value 2758435
  round 12 ACCEPT: first-bit rank 531288 -> 531288  total_cost=155 changed=2 hots=6 scale=1
Set parameter LicenseID to value 2758435
Set parameter LicenseID to value 2758435
Set parameter LicenseID to value 2758435
  round 15 ACCEPT: first-bit rank 531288 -> 531288  total_cost=159 changed=6 hots=6 scale=1
Set parameter LicenseID to value 2758435
  round 16 ACCEPT: first-bit rank 531288 -> 531288  total_cost=169 changed=4 hots=6 scale=1
Set parameter LicenseID to value 2758435
  round 17 ACCEPT: first-bit rank 531288 -> 531288  total_cost=169 changed=7 hots=6 scale=1
Set parameter LicenseID to value 2758435
  round 18 ACCEPT: first-bit rank 531288 -> 531288  total_cost=167 changed=2 hots=6 scale=1
Set parameter LicenseID to value 2758435
Set parameter LicenseID to value 2758435
Set parameter LicenseID to value 2758435
  round 21 ACCEPT: first-bit rank 531288 -> 531288  total_cost=185 changed=20 hots=6 scale=1
Set parameter LicenseID to value 2758435
  round 22 ACCEPT: first-bit rank 531288 -> 531288  total_cost=182 changed=16 hots=6 scale=1
Set parameter LicenseID to value 2758435
Set parameter LicenseID to value 2758435
Set parameter LicenseID to value 2758435
Set parameter LicenseID to value 2758435
Set parameter LicenseID to value 2758435
  round 27 ACCEPT: first-bit rank 531288 -> 531288  total_cost=206 changed=8 hots=5 scale=1
Set parameter LicenseID to value 2758435
  round 28 ACCEPT: first-bit rank 531288 -> 531288  total_cost=194 changed=8 hots=5 scale=1
Set parameter LicenseID to value 2758435
  round 29 ACCEPT: first-bit rank 531288 -> 531288  total_cost=188 changed=4 hots=5 scale=1
Set parameter LicenseID to value 2758435
Set parameter LicenseID to value 2758435
Set parameter LicenseID to value 2758435
Set parameter LicenseID to value 2758435
  wall-sec limit 180 reached after 33 rounds
done: accepted=17 rejected=16  final first-bit raw=0.531288000 rank=531288  total_cost=188 budget_ok=true elapsed=170.2s
  reject reason conf       90
  reject reason lex        10
  reject reason no-value   6
  solves=33 avg pool pairs=198.8 avg cands=15199.3 gurobi=41.49s (24.4% of elapsed)
  cand mode=mix pool_cap=24 max_w1=24 max_w2=32 global_k=0 hop_cache=true
  hops queries=295600 hits=293687 misses=1913 computed=1913 sets=12
  schedule=hot focus_n=10 hot_k=6 grow_mult=2 scale_cap=8 conf_gate=true scale=1 epoch_restarts=0
  freeze: pre=0 soft=0 skip=45 conf_seeds=45
  first-bit floor rank 141921 vs achieved 531288 (raw floor 0.141921333)
RESULT setB-01 accepted=17 firstbit=531288 total_cost=188 budget_ok=true
wrote solution -> runs_diag/rep_new_2.json
